// Jest Snapshot v1, https://goo.gl/fbAQLP

exports[`Carousel Item Rendering should match to snapshot 1`] = `ShallowWrapper {}`;
