// Jest Snapshot v1, https://goo.gl/fbAQLP

exports[`should match snapShot 1`] = `
<View>
  <Text>
    loading...
  </Text>
</View>
`;

exports[`should render component with Data 1`] = `
<View>
  <RCTScrollView
    data={
      Array [
        Object {
          "src": "1",
        },
        Object {
          "src": "1",
        },
      ]
    }
    decelerationRate="fast"
    disableVirtualization={false}
    getItem={[Function]}
    getItemCount={[Function]}
    horizontal={true}
    initialNumToRender={10}
    keyExtractor={[Function]}
    maxToRenderPerBatch={10}
    onContentSizeChange={[Function]}
    onEndReached={[Function]}
    onEndReachedThreshold={0.5}
    onLayout={[Function]}
    onMomentumScrollEnd={[Function]}
    onScroll={[Function]}
    onScrollBeginDrag={[Function]}
    onScrollEndDrag={[Function]}
    onViewableItemsChanged={[Function]}
    pagingEnabled={true}
    removeClippedSubviews={false}
    renderItem={[Function]}
    scrollEnabled={true}
    scrollEventThrottle={16}
    showsHorizontalScrollIndicator={true}
    snapToAlignment="center"
    stickyHeaderIndices={Array []}
    updateCellsBatchingPeriod={50}
    viewabilityConfig={
      Object {
        "viewAreaCoveragePercentThreshold": 50,
      }
    }
    viewabilityConfigCallbackPairs={
      Array [
        Object {
          "onViewableItemsChanged": [Function],
          "viewabilityConfig": Object {
            "viewAreaCoveragePercentThreshold": 50,
          },
        },
      ]
    }
    windowSize={21}
  >
    <View>
      <View
        onLayout={[Function]}
        style={
          Array [
            Object {
              "flexDirection": "row",
            },
            null,
          ]
        }
      >
        <View
          style={
            Object {
              "backgroundColor": "white",
              "elevation": 5,
              "flex": 1,
              "height": 444.6666666666667,
              "margin": 10,
              "shadowColor": "#000",
              "shadowOffset": Object {
                "height": 0.5,
                "width": 0.5,
              },
              "shadowOpacity": 0.5,
              "shadowRadius": 3,
              "width": 730,
            }
          }
        >
          <View>
            <Text
              style={
                Object {
                  "fontSize": 22,
                }
              }
            />
          </View>
          <Image
            source={
              Object {
                "uri": "https://picsum.photos/200/300?image=undefined",
              }
            }
            style={
              Object {
                "height": 444.6666666666667,
                "width": 730,
              }
            }
          />
        </View>
      </View>
      <View
        onLayout={[Function]}
        style={
          Array [
            Object {
              "flexDirection": "row",
            },
            null,
          ]
        }
      >
        <View
          style={
            Object {
              "backgroundColor": "white",
              "elevation": 5,
              "flex": 1,
              "height": 444.6666666666667,
              "margin": 10,
              "shadowColor": "#000",
              "shadowOffset": Object {
                "height": 0.5,
                "width": 0.5,
              },
              "shadowOpacity": 0.5,
              "shadowRadius": 3,
              "width": 730,
            }
          }
        >
          <View>
            <Text
              style={
                Object {
                  "fontSize": 22,
                }
              }
            />
          </View>
          <Image
            source={
              Object {
                "uri": "https://picsum.photos/200/300?image=undefined",
              }
            }
            style={
              Object {
                "height": 444.6666666666667,
                "width": 730,
              }
            }
          />
        </View>
      </View>
    </View>
  </RCTScrollView>
  <View
    style={
      Object {
        "flexDirection": "row",
        "justifyContent": "center",
      }
    }
  >
    <View
      style={
        Object {
          "backgroundColor": "#595959",
          "borderRadius": 5,
          "height": 10,
          "margin": 8,
          "opacity": 1,
          "width": 10,
        }
      }
    />
    <View
      style={
        Object {
          "backgroundColor": "#595959",
          "borderRadius": 5,
          "height": 10,
          "margin": 8,
          "opacity": 0.3,
          "width": 10,
        }
      }
    />
    <View
      style={
        Object {
          "backgroundColor": "#595959",
          "borderRadius": 5,
          "height": 10,
          "margin": 8,
          "opacity": 0.3,
          "width": 10,
        }
      }
    />
    <View
      style={
        Object {
          "backgroundColor": "#595959",
          "borderRadius": 5,
          "height": 10,
          "margin": 8,
          "opacity": 0.3,
          "width": 10,
        }
      }
    />
    <View
      style={
        Object {
          "backgroundColor": "#595959",
          "borderRadius": 5,
          "height": 10,
          "margin": 8,
          "opacity": 0.3,
          "width": 10,
        }
      }
    />
    <View
      style={
        Object {
          "backgroundColor": "#595959",
          "borderRadius": 5,
          "height": 10,
          "margin": 8,
          "opacity": 0.3,
          "width": 10,
        }
      }
    />
    <View
      style={
        Object {
          "backgroundColor": "#595959",
          "borderRadius": 5,
          "height": 10,
          "margin": 8,
          "opacity": 0.3,
          "width": 10,
        }
      }
    />
    <View
      style={
        Object {
          "backgroundColor": "#595959",
          "borderRadius": 5,
          "height": 10,
          "margin": 8,
          "opacity": 0.3,
          "width": 10,
        }
      }
    />
    <View
      style={
        Object {
          "backgroundColor": "#595959",
          "borderRadius": 5,
          "height": 10,
          "margin": 8,
          "opacity": 0.3,
          "width": 10,
        }
      }
    />
    <View
      style={
        Object {
          "backgroundColor": "#595959",
          "borderRadius": 5,
          "height": 10,
          "margin": 8,
          "opacity": 0.3,
          "width": 10,
        }
      }
    />
  </View>
</View>
`;
